Scope: 7 of 8 workspace projects
packages/cli test$ vitest run --run
packages/core test$ vitest run --run
packages/cli test: [1m[46m RUN [49m[22m [36mv4.1.0 [39m[90m/var/www/koel/jun/packages/zanzo/packages/cli[39m
packages/core test:  RUN  v2.1.9 /var/www/koel/jun/packages/zanzo/packages/core
packages/cli test: Warning: A vi.mock("jiti") call in "/var/www/koel/jun/packages/zanzo/packages/cli/tests/sync.test.ts" is not at the top level of the module. Although it appears nested, it will be hoisted and executed before any tests run. Move it to the top level to reflect its actual execution order. This will become an error in a future version.
packages/cli test: See: https://vitest.dev/guide/mocking/modules#how-it-works
packages/cli test: Warning: A vi.mock("postgres") call in "/var/www/koel/jun/packages/zanzo/packages/cli/tests/sync.test.ts" is not at the top level of the module. Although it appears nested, it will be hoisted and executed before any tests run. Move it to the top level to reflect its actual execution order. This will become an error in a future version.
packages/cli test: See: https://vitest.dev/guide/mocking/modules#how-it-works
packages/cli test:  [32m✓[39m tests/check.test.ts [2m([22m[2m1 test[22m[2m)[22m[32m 47[2mms[22m[39m
packages/cli test:  [32m✓[39m tests/sync.test.ts [2m([22m[2m4 tests[22m[2m)[22m[32m 30[2mms[22m[39m
packages/cli test: [2m Test Files [22m [1m[32m2 passed[39m[22m[90m (2)[39m
packages/cli test: [2m      Tests [22m [1m[32m5 passed[39m[22m[90m (5)[39m
packages/cli test: [2m   Start at [22m 17:43:38
packages/cli test: [2m   Duration [22m 600ms[2m (transform 265ms, setup 0ms, import 489ms, tests 76ms, environment 0ms)[22m
packages/cli test: Done
packages/core test:  ✓ tests/fluent.test.ts (21 tests) 17ms
packages/core test:  ✓ tests/review-fixes.test.ts (18 tests) 24ms
packages/core test:  ✓ tests/integration.test.ts (26 tests) 48ms
packages/core test:  ✓ tests/error-codes.test.ts (8 tests) 12ms
packages/core test:  ✓ tests/performance.test.ts (15 tests) 77ms
packages/core test:  ✓ tests/cache.test.ts (5 tests) 112ms
packages/core test:  ✓ tests/engine.test.ts (10 tests) 10ms
packages/core test:  ✓ tests/review-fixes-part2.test.ts (4 tests) 20ms
packages/core test:  ✓ src/extensions/index.test.ts (7 tests) 17ms
packages/core test:  ✓ tests/trace.test.ts (7 tests) 12ms
packages/core test:  ✓ tests/security.test.ts (3 tests) 7ms
packages/core test:  ✓ tests/deduplication.test.ts (11 tests) 13ms
packages/core test:  ✓ tests/client.test.ts (2 tests) 16ms
packages/core test:  ✓ tests/ast.test.ts (4 tests) 7ms
packages/core test: stdout | tests/stress.test.ts > Zanzo Enterprise Stress & Performance Tests > should process a massive combinatorial graph (10,000 relations) linearly under 50ms without exceeding memory limits
packages/core test: [Zanzo Stress] 10,000 Nodes Traversal Time: 0.42ms
packages/core test: [Zanzo Stress] Memory Traversal Cost: 0.02 MB
packages/core test:  ✓ tests/stress.test.ts (1 test) 98ms
packages/core test:  ✓ tests/builder.test.ts (2 tests) 6ms
packages/core test:  ✓ tests/deferred-expansion.test.ts (2 tests) 9ms
packages/core test:  ✓ tests/merge.test.ts (3 tests) 6ms
packages/core test:  ✓ tests/canonical-flow.test.ts (1 test) 5ms
packages/core test:  Test Files  19 passed (19)
packages/core test:       Tests  150 passed (150)
packages/core test:    Start at  17:43:38
packages/core test:    Duration  3.27s (transform 545ms, setup 0ms, collect 1.55s, tests 518ms, environment 4ms, prepare 2.52s)
packages/core test: Done
packages/angular test$ vitest run --run
packages/drizzle test$ vitest run --run
packages/react test$ vitest run --run
packages/react test: [1m[46m RUN [49m[22m [36mv4.1.0 [39m[90m/var/www/koel/jun/packages/zanzo/packages/react[39m
packages/angular test: [1m[46m RUN [49m[22m [36mv4.1.0 [39m[90m/var/www/koel/jun/packages/zanzo/packages/angular[39m
packages/drizzle test: [1m[46m RUN [49m[22m [36mv4.1.0 [39m[90m/var/www/koel/jun/packages/zanzo/packages/drizzle[39m
packages/drizzle test: [90mstdout[2m | tests/adapter-audit.test.ts[2m > [22m[2mAudit 3: Drizzle Adapter Efficiency[2m > [22m[2mdemonstrates the "Zero-Config" SQL generation for nested paths
packages/drizzle test: [22m[39mGenerated SQL Filter: EXISTS (
packages/drizzle test:             SELECT 1 FROM "zanzo_tuples" 
packages/drizzle test:             WHERE "zanzo_tuples"."object" = CONCAT(?, ?, "documents"."id") 
packages/drizzle test:               AND "zanzo_tuples"."relation" IN (?, ?) 
packages/drizzle test:               AND "zanzo_tuples"."subject" = ?
packages/drizzle test:           )
packages/drizzle test: [90mstderr[2m | tests/adapter-audit.test.ts[2m > [22m[2mAudit 3: Drizzle Adapter Efficiency[2m > [22m[2mwarns when nested paths are detected in development
packages/drizzle test: [22m[39m[Zanzo] Nested permission path detected: 'workspace.viewer'. The SQL adapter resolves this via pre-materialized tuples. Ensure you used materializeDerivedTuples() when writing this relationship to the database. See: https://zanzo.dev/docs/tuple-expansion
packages/drizzle test:  [32m✓[39m tests/features.test.ts [2m([22m[2m3 tests[22m[2m)[22m[32m 23[2mms[22m[39m
packages/drizzle test:  [32m✓[39m tests/adapter-audit.test.ts [2m([22m[2m2 tests[22m[2m)[22m[32m 15[2mms[22m[39m
packages/drizzle test:  [32m✓[39m tests/ast-cache-isolation.test.ts [2m([22m[2m5 tests[22m[2m)[22m[32m 18[2mms[22m[39m
packages/drizzle test:  [32m✓[39m tests/drizzle.test.ts [2m([22m[2m4 tests[22m[2m)[22m[32m 11[2mms[22m[39m
packages/drizzle test:  [32m✓[39m tests/security.test.ts [2m([22m[2m1 test[22m[2m)[22m[32m 7[2mms[22m[39m
packages/drizzle test: [2m Test Files [22m [1m[32m5 passed[39m[22m[90m (5)[39m
packages/drizzle test: [2m      Tests [22m [1m[32m15 passed[39m[22m[90m (15)[39m
packages/drizzle test: [2m   Start at [22m 17:43:42
packages/drizzle test: [2m   Duration [22m 1.47s[2m (transform 397ms, setup 0ms, import 2.55s, tests 75ms, environment 1ms)[22m
packages/drizzle test: Done
packages/react test: Error: Uncaught [ZanzoError: useZanzo must be used within a ZanzoProvider]
packages/react test:     at reportException (/var/www/koel/jun/packages/zanzo/node_modules/.pnpm/jsdom@24.1.3/node_modules/jsdom/lib/jsdom/living/helpers/runtime-script-errors.js:66:24)
packages/react test:     at innerInvokeEventListeners (/var/www/koel/jun/packages/zanzo/node_modules/.pnpm/jsdom@24.1.3/node_modules/jsdom/lib/jsdom/living/events/EventTarget-impl.js:353:9)
packages/react test:     at invokeEventListeners (/var/www/koel/jun/packages/zanzo/node_modules/.pnpm/jsdom@24.1.3/node_modules/jsdom/lib/jsdom/living/events/EventTarget-impl.js:286:3)
packages/react test:     at HTMLUnknownElementImpl._dispatch (/var/www/koel/jun/packages/zanzo/node_modules/.pnpm/jsdom@24.1.3/node_modules/jsdom/lib/jsdom/living/events/EventTarget-impl.js:233:9)
packages/react test:     at HTMLUnknownElementImpl.dispatchEvent (/var/www/koel/jun/packages/zanzo/node_modules/.pnpm/jsdom@24.1.3/node_modules/jsdom/lib/jsdom/living/events/EventTarget-impl.js:104:17)
packages/react test:     at HTMLUnknownElement.dispatchEvent (/var/www/koel/jun/packages/zanzo/node_modules/.pnpm/jsdom@24.1.3/node_modules/jsdom/lib/jsdom/living/generated/EventTarget.js:241:34)
packages/react test:     at Object.invokeGuardedCallbackDev (/var/www/koel/jun/packages/zanzo/node_modules/.pnpm/react-dom@18.3.1_react@18.3.1/node_modules/react-dom/cjs/react-dom.development.js:4213:16)
packages/react test:     at invokeGuardedCallback (/var/www/koel/jun/packages/zanzo/node_modules/.pnpm/react-dom@18.3.1_react@18.3.1/node_modules/react-dom/cjs/react-dom.development.js:4277:31)
packages/react test:     at beginWork$1 (/var/www/koel/jun/packages/zanzo/node_modules/.pnpm/react-dom@18.3.1_react@18.3.1/node_modules/react-dom/cjs/react-dom.development.js:27490:7)
packages/react test:     at performUnitOfWork (/var/www/koel/jun/packages/zanzo/node_modules/.pnpm/react-dom@18.3.1_react@18.3.1/node_modules/react-dom/cjs/react-dom.development.js:26599:12) ZanzoError: useZanzo must be used within a ZanzoProvider
packages/react test:     at useZanzo (/var/www/koel/jun/packages/zanzo/packages/react/src/useZanzo.ts:29:11)
packages/react test:     at /var/www/koel/jun/packages/zanzo/packages/react/tests/react.test.tsx:17:39
packages/react test:     at TestComponent (/var/www/koel/jun/packages/zanzo/node_modules/.pnpm/@testing-library+react@14.3.1_@types+react@18.3.28_react-dom@18.3.1_react@18.3.1__react@18.3.1/node_modules/@testing-library/react/dist/pure.js:309:27)
packages/react test:     at renderWithHooks (/var/www/koel/jun/packages/zanzo/node_modules/.pnpm/react-dom@18.3.1_react@18.3.1/node_modules/react-dom/cjs/react-dom.development.js:15486:18)
packages/react test:     at mountIndeterminateComponent (/var/www/koel/jun/packages/zanzo/node_modules/.pnpm/react-dom@18.3.1_react@18.3.1/node_modules/react-dom/cjs/react-dom.development.js:20103:13)
packages/react test:     at beginWork (/var/www/koel/jun/packages/zanzo/node_modules/.pnpm/react-dom@18.3.1_react@18.3.1/node_modules/react-dom/cjs/react-dom.development.js:21626:16)
packages/react test:     at HTMLUnknownElement.callCallback (/var/www/koel/jun/packages/zanzo/node_modules/.pnpm/react-dom@18.3.1_react@18.3.1/node_modules/react-dom/cjs/react-dom.development.js:4164:14)
packages/react test:     at HTMLUnknownElement.callTheUserObjectsOperation (/var/www/koel/jun/packages/zanzo/node_modules/.pnpm/jsdom@24.1.3/node_modules/jsdom/lib/jsdom/living/generated/EventListener.js:26:30)
packages/react test:     at innerInvokeEventListeners (/var/www/koel/jun/packages/zanzo/node_modules/.pnpm/jsdom@24.1.3/node_modules/jsdom/lib/jsdom/living/events/EventTarget-impl.js:350:25)
packages/react test:     at invokeEventListeners (/var/www/koel/jun/packages/zanzo/node_modules/.pnpm/jsdom@24.1.3/node_modules/jsdom/lib/jsdom/living/events/EventTarget-impl.js:286:3) {
packages/react test:   code: 'ZANZO_MISSING_PROVIDER'
packages/react test: }
packages/react test: Error: Uncaught [ZanzoError: useZanzo must be used within a ZanzoProvider]
packages/react test:     at reportException (/var/www/koel/jun/packages/zanzo/node_modules/.pnpm/jsdom@24.1.3/node_modules/jsdom/lib/jsdom/living/helpers/runtime-script-errors.js:66:24)
packages/react test:     at innerInvokeEventListeners (/var/www/koel/jun/packages/zanzo/node_modules/.pnpm/jsdom@24.1.3/node_modules/jsdom/lib/jsdom/living/events/EventTarget-impl.js:353:9)
packages/react test:     at invokeEventListeners (/var/www/koel/jun/packages/zanzo/node_modules/.pnpm/jsdom@24.1.3/node_modules/jsdom/lib/jsdom/living/events/EventTarget-impl.js:286:3)
packages/react test:     at HTMLUnknownElementImpl._dispatch (/var/www/koel/jun/packages/zanzo/node_modules/.pnpm/jsdom@24.1.3/node_modules/jsdom/lib/jsdom/living/events/EventTarget-impl.js:233:9)
packages/react test:     at HTMLUnknownElementImpl.dispatchEvent (/var/www/koel/jun/packages/zanzo/node_modules/.pnpm/jsdom@24.1.3/node_modules/jsdom/lib/jsdom/living/events/EventTarget-impl.js:104:17)
packages/react test:     at HTMLUnknownElement.dispatchEvent (/var/www/koel/jun/packages/zanzo/node_modules/.pnpm/jsdom@24.1.3/node_modules/jsdom/lib/jsdom/living/generated/EventTarget.js:241:34)
packages/react test:     at Object.invokeGuardedCallbackDev (/var/www/koel/jun/packages/zanzo/node_modules/.pnpm/react-dom@18.3.1_react@18.3.1/node_modules/react-dom/cjs/react-dom.development.js:4213:16)
packages/react test:     at invokeGuardedCallback (/var/www/koel/jun/packages/zanzo/node_modules/.pnpm/react-dom@18.3.1_react@18.3.1/node_modules/react-dom/cjs/react-dom.development.js:4277:31)
packages/react test:     at beginWork$1 (/var/www/koel/jun/packages/zanzo/node_modules/.pnpm/react-dom@18.3.1_react@18.3.1/node_modules/react-dom/cjs/react-dom.development.js:27490:7)
packages/react test:     at performUnitOfWork (/var/www/koel/jun/packages/zanzo/node_modules/.pnpm/react-dom@18.3.1_react@18.3.1/node_modules/react-dom/cjs/react-dom.development.js:26599:12) ZanzoError: useZanzo must be used within a ZanzoProvider
packages/react test:     at useZanzo (/var/www/koel/jun/packages/zanzo/packages/react/src/useZanzo.ts:29:11)
packages/react test:     at /var/www/koel/jun/packages/zanzo/packages/react/tests/react.test.tsx:17:39
packages/react test:     at TestComponent (/var/www/koel/jun/packages/zanzo/node_modules/.pnpm/@testing-library+react@14.3.1_@types+react@18.3.28_react-dom@18.3.1_react@18.3.1__react@18.3.1/node_modules/@testing-library/react/dist/pure.js:309:27)
packages/react test:     at renderWithHooks (/var/www/koel/jun/packages/zanzo/node_modules/.pnpm/react-dom@18.3.1_react@18.3.1/node_modules/react-dom/cjs/react-dom.development.js:15486:18)
packages/react test:     at mountIndeterminateComponent (/var/www/koel/jun/packages/zanzo/node_modules/.pnpm/react-dom@18.3.1_react@18.3.1/node_modules/react-dom/cjs/react-dom.development.js:20103:13)
packages/react test:     at beginWork (/var/www/koel/jun/packages/zanzo/node_modules/.pnpm/react-dom@18.3.1_react@18.3.1/node_modules/react-dom/cjs/react-dom.development.js:21626:16)
packages/react test:     at HTMLUnknownElement.callCallback (/var/www/koel/jun/packages/zanzo/node_modules/.pnpm/react-dom@18.3.1_react@18.3.1/node_modules/react-dom/cjs/react-dom.development.js:4164:14)
packages/react test:     at HTMLUnknownElement.callTheUserObjectsOperation (/var/www/koel/jun/packages/zanzo/node_modules/.pnpm/jsdom@24.1.3/node_modules/jsdom/lib/jsdom/living/generated/EventListener.js:26:30)
packages/react test:     at innerInvokeEventListeners (/var/www/koel/jun/packages/zanzo/node_modules/.pnpm/jsdom@24.1.3/node_modules/jsdom/lib/jsdom/living/events/EventTarget-impl.js:350:25)
packages/react test:     at invokeEventListeners (/var/www/koel/jun/packages/zanzo/node_modules/.pnpm/jsdom@24.1.3/node_modules/jsdom/lib/jsdom/living/events/EventTarget-impl.js:286:3) {
packages/react test:   code: 'ZANZO_MISSING_PROVIDER'
packages/react test: }
packages/react test:  [32m✓[39m tests/react.test.tsx [2m([22m[2m5 tests[22m[2m)[22m[32m 84[2mms[22m[39m
packages/react test: [2m Test Files [22m [1m[32m1 passed[39m[22m[90m (1)[39m
packages/react test: [2m      Tests [22m [1m[32m5 passed[39m[22m[90m (5)[39m
packages/react test: [2m   Start at [22m 17:43:42
packages/react test: [2m   Duration [22m 1.85s[2m (transform 241ms, setup 0ms, import 791ms, tests 84ms, environment 749ms)[22m
packages/react test: Done
packages/angular test:  [32m✓[39m tests/adapter.test.ts [2m([22m[2m12 tests[22m[2m)[22m[32m 17[2mms[22m[39m
packages/angular test: [2m Test Files [22m [1m[32m1 passed[39m[22m[90m (1)[39m
packages/angular test: [2m      Tests [22m [1m[32m12 passed[39m[22m[90m (12)[39m
packages/angular test: [2m   Start at [22m 17:43:42
packages/angular test: [2m   Duration [22m 2.07s[2m (transform 393ms, setup 0ms, import 1.01s, tests 17ms, environment 804ms)[22m
packages/angular test: Done
apps/angular-test test$ ng test --run
apps/angular-test test: Error: Unknown argument: run
apps/angular-test test: Failed
/var/www/koel/jun/packages/zanzo/apps/angular-test:
 ERR_PNPM_RECURSIVE_RUN_FIRST_FAIL  angular-test@0.0.0 test: `ng test --run`
Exit status 1
